1bit = 0과 1로 구성된 기본 단위
1byte = 8bit
1mbyte = 1024bit
1gbyte = 1024mbyte

오늘부터 공부하는거 저기에 올려 그리고 나한테말해 올리고  지금 폴더옮겨서 넣어봐 끝나면 카톡

브런치 안에 너가 정리한거넣는거야


일단 알려줄게 

너가 패키지 알아보기쉽게 정리하고 
주석처리든 클래스도 잘정리해

그리고 

마지막에


git add .
git commit -m "날짜 뭐배웠는지 간단하게'
git push origin master 
저걸로해
이렇게해 할때 카톡하면 ㅇ알려줄게 

저장할게없어서 저렇게뜨는거니까 

일단 올려놨어 이거 내가 쫌있다가봐줄게 형 야근 해야하니까 집가서 알려줄게 일단 저장하고 좀있다가
또 저장할거있으면말해
https://kim6394.tistory.com/210
https://medium.com/@pks2974/%EC%9E%90%EC%A3%BC-%EC%82%AC%EC%9A%A9%ED%95%98%EB%8A%94-%EA%B8%B0%EC%B4%88-git-%EB%AA%85%EB%A0%B9%EC%96%B4-%EC%A0%95%EB%A6%AC%ED%95%98%EA%B8%B0-533b3689db81


$ git clone https://github.com/xzllxz456/JAVA2.git
Cloning into 'JAVA2'...
remote: Enumerating objects: 3, done.
remote: Counting objects: 100% (3/3), done.
remote: Total 3 (delta 0), reused 0 (delta 0), pack-reused 0
Receiving objects: 100% (3/3), done.

bitcamp@DESKTOP-0TDKJLO MINGW64 ~/Desktop
$ cd JAVA

bitcamp@DESKTOP-0TDKJLO MINGW64 ~/Desktop/JAVA (2020-11-03)
$ cd ..

bitcamp@DESKTOP-0TDKJLO MINGW64 ~/Desktop
$ cd JAVA2

bitcamp@DESKTOP-0TDKJLO MINGW64 ~/Desktop/JAVA2 (master)
$ ls
d.txt  gitgit.txt  java/  README.md  빗캠구글드라이브.txt

bitcamp@DESKTOP-0TDKJLO MINGW64 ~/Desktop/JAVA2 (master)
$ git add -a
error: unknown switch `a'
usage: git add [<options>] [--] <pathspec>...

    -n, --dry-run         dry run
    -v, --verbose         be verbose

    -i, --interactive     interactive picking
    -p, --patch           select hunks interactively
    -e, --edit            edit current diff and apply
    -f, --force           allow adding otherwise ignored files
    -u, --update          update tracked files
    --renormalize         renormalize EOL of tracked files (implies -u)
    -N, --intent-to-add   record only the fact that the path will be added later
    -A, --all             add changes from all tracked and untracked files
    --ignore-removal      ignore paths removed in the working tree (same as --no-all)
    --refresh             don't add, only refresh the index
    --ignore-errors       just skip files which cannot be added because of errors
    --ignore-missing      check if - even missing - files are ignored in dry run
    --chmod (+|-)x        override the executable bit of the listed files
    --pathspec-from-file <file>
                          read pathspec from file
    --pathspec-file-nul   with --pathspec-from-file, pathspec elements are separated with NUL character


bitcamp@DESKTOP-0TDKJLO MINGW64 ~/Desktop/JAVA2 (master)
$ git add --a

$ git commit -m "already exists"
$ git push origin HEAD
$ git add --a
$ git commit -m "already exists"
$ git push origin HEAD